// Jest Snapshot v1, https://goo.gl/fbAQLP

exports[`should render ExpenseDashboardPage with the three expenses 1`] = `
<div>
  <Connect(ExpenseListFilters) />
  <Connect(ExpenseList) />
</div>
`;
