// Jest Snapshot v1, https://goo.gl/fbAQLP

exports[`should render the  NotfoundPage: \`error 404\` 1`] = `
<div>
  404! - 
  <Link
    replace={false}
    to="/"
  >
    Go home.
  </Link>
</div>
`;
